Microsoft (R) Test Execution Command Line Tool Version ${ToolVersion} Copyright (c) Microsoft Corporation.  All rights reserved.

Starting test execution, please wait...
Information: Found ${NrOfTests} tests in executable ${BaseDir}\SampleTests\${ConfigurationName}\Tests.exe

Information: Running 1 tests...

Information: Test execution completed.

Passed   TestMath.AddPassesWithTraits

Total tests: 1. Passed: 1. Failed: 0. Skipped: 0.
Test Run Successful.
Test execution time: ${RunTime}

