<?xml version="1.0" encoding="utf-8"?>
<TestRun>
  <Results>
    <UnitTestResult testName="InstantiationName/ParameterizedTests.SimpleTraits/0 [(1,)]" outcome="Passed" />
    <UnitTestResult testName="InstantiationName/ParameterizedTests.SimpleTraits/1 [(1,!)]" outcome="Failed">
      <Output>
        <ErrorInfo>
          <Message>Value of: GetParam().s
  Actual: "!"
Expected: ""</Message>
        </ErrorInfo>
      </Output>
    </UnitTestResult>
    <UnitTestResult testName="InstantiationName/ParameterizedTests.SimpleTraits/2 [(-1,)]" outcome="Failed">
      <Output>
        <ErrorInfo>
          <Message>Value of: GetParam().i
  Actual: -1
Expected: 1</Message>
        </ErrorInfo>
      </Output>
    </UnitTestResult>
    <UnitTestResult testName="InstantiationName/ParameterizedTests.SimpleTraits2/0 [(1,)]" outcome="Passed" />
    <UnitTestResult testName="InstantiationName/ParameterizedTests.SimpleTraits2/1 [(1,!)]" outcome="Failed">
      <Output>
        <ErrorInfo>
          <Message>Value of: GetParam().s
  Actual: "!"
Expected: ""</Message>
        </ErrorInfo>
      </Output>
    </UnitTestResult>
    <UnitTestResult testName="InstantiationName/ParameterizedTests.SimpleTraits2/2 [(-1,)]" outcome="Failed">
      <Output>
        <ErrorInfo>
          <Message>Value of: GetParam().i
  Actual: -1
Expected: 1</Message>
        </ErrorInfo>
      </Output>
    </UnitTestResult>
    <UnitTestResult testName="ParameterizedTests.SimpleTraits/0 [(0,_)]" outcome="Failed">
      <Output>
        <ErrorInfo>
          <Message>#1 - Value of: GetParam().i
  Actual: 0
Expected: 1
#2 - Value of: GetParam().s
  Actual: "_"
Expected: ""</Message>
        </ErrorInfo>
      </Output>
    </UnitTestResult>
    <UnitTestResult testName="ParameterizedTests.SimpleTraits2/0 [(0,_)]" outcome="Failed">
      <Output>
        <ErrorInfo>
          <Message>#1 - Value of: GetParam().i
  Actual: 0
Expected: 1
#2 - Value of: GetParam().s
  Actual: "_"
Expected: ""</Message>
        </ErrorInfo>
      </Output>
    </UnitTestResult>
    <UnitTestResult testName="TheFixture.AddPassesWithTraits" outcome="Passed" />
    <UnitTestResult testName="TheFixture.AddPassesWithTraits2" outcome="Passed" />
    <UnitTestResult testName="TheFixture.AddPassesWithTraits3" outcome="Passed" />
  </Results>
  <ResultSummary outcome="Failed">
    <Counters total="11" executed="11" passed="5" failed="6" error="0" timeout="0" aborted="0" inconclusive="0" passedButRunAborted="0" notRunnable="0" notExecuted="0" disconnected="0" warning="0" completed="0" inProgress="0" pending="0" />
    <Output />
  </ResultSummary>
</TestRun>