Microsoft (R) Test Execution Command Line Tool Version ${ToolVersion} Copyright (c) Microsoft Corporation.  All rights reserved.
Starting test execution, please wait...
Information: Found ${NrOfTests} tests in executable ${BaseDir}\SampleTests\${ConfigurationName}\Tests.exe
Information: Running 81 tests...
Failed   Arr/TypeParameterizedTests/0.CanDefeatMath<std::array<int,3> >
Passed   Arr/TypeParameterizedTests/0.CanIterate<std::array<int,3> >
Failed   Arr/TypeParameterizedTests/0.ThreeTraits<std::array<int,3> >
Failed   Arr/TypeParameterizedTests/0.TwoTraits<std::array<int,3> >
Passed   Arr/TypeParameterizedTests/1.CanDefeatMath<MyStrangeArray>
Passed   Arr/TypeParameterizedTests/1.CanIterate<MyStrangeArray>
Passed   Arr/TypeParameterizedTests/1.ThreeTraits<MyStrangeArray>
Passed   Arr/TypeParameterizedTests/1.TwoTraits<MyStrangeArray>
Failed   CommandArgs.TestDirectoryIsSet
Passed   InstantiationName/ParameterizedTests.Simple/0 [(1,)]
Failed   InstantiationName/ParameterizedTests.Simple/1 [(1,!)]
Failed   InstantiationName/ParameterizedTests.Simple/2 [(-1,)]
Passed   InstantiationName/ParameterizedTests.SimpleTraits/0 [(1,)]
Failed   InstantiationName/ParameterizedTests.SimpleTraits/1 [(1,!)]
Failed   InstantiationName/ParameterizedTests.SimpleTraits/2 [(-1,)]
Passed   InstantiationName/ParameterizedTests.SimpleTraits2/0 [(1,)]
Failed   InstantiationName/ParameterizedTests.SimpleTraits2/1 [(1,!)]
Failed   InstantiationName/ParameterizedTests.SimpleTraits2/2 [(-1,)]
Passed   InstantiationName/ParameterizedTests.SimpleTraits3/0 [(1,)]
Failed   InstantiationName/ParameterizedTests.SimpleTraits3/1 [(1,!)]
Failed   InstantiationName/ParameterizedTests.SimpleTraits3/2 [(-1,)]
Passed   LongRunningTests.Test1
Failed   LongRunningTests.Test2
Failed   MessageParserTests.ExpectAndAssert
Failed   MessageParserTests.ExpectInOtherFile
Failed   MessageParserTests.ExpectInOtherMethod
Failed   MessageParserTests.ExpectInTestAndMethodAndOtherFile
Failed   MessageParserTests.ScopedTraceInHelperMethod
Failed   MessageParserTests.ScopedTraceInHelperMethodInOtherFile
Failed   MessageParserTests.ScopedTraceInTestMethod
Failed   MessageParserTests.ScopedTraceInTestMethodANdHelperMethod
Failed   MessageParserTests.ScopedTraceInTestMethodANdHelperMethodAndExpectInTestMethod
Failed   MessageParserTests.ScopedTraceInTestMethodANdHelperMethodAndExpectInTestMethodInOtherFile
Failed   MessageParserTests.ScopedTraceInTestMethodANdHelperMethodInOtherFile
Failed   MessageParserTests.SimpleAssert
Failed   MessageParserTests.SimpleExpect
Failed   MessageParserTests.TwoScopedTracesInTestMethod
Failed   ParameterizedTests.Simple/0 [(0,_)]
Failed   ParameterizedTests.SimpleTraits/0 [(0,_)]
Failed   ParameterizedTests.SimpleTraits2/0 [(0,_)]
Failed   ParameterizedTests.SimpleTraits3/0 [(0,_)]
Passed   PointerParameterizedTests.CheckStringLength/0 [(${MemoryLocation} pointing to "", 0)]
Passed   PointerParameterizedTests.CheckStringLength/1 [(${MemoryLocation} pointing to "Test", 4)]
Failed   PointerParameterizedTests.CheckStringLength/2 [(${MemoryLocation} pointing to "ooops", 23)]
Failed   PrimitivelyTypedTests/0.CanHasBigNumbers<signed char>
Passed   PrimitivelyTypedTests/1.CanHasBigNumbers<int>
Passed   PrimitivelyTypedTests/2.CanHasBigNumbers<long>
Failed   TestMath.AddFails
Passed   TestMath.AddPasses
Passed   TestMath.AddPassesWithTraits
Failed   TestMath.Crash
Failed   TheFixture.AddFails
Passed   TheFixture.AddPasses
Passed   TheFixture.AddPassesWithTraits
Passed   TheFixture.AddPassesWithTraits2
Passed   TheFixture.AddPassesWithTraits3
Failed   TheFixture.Crash
Passed   Traits.With1Traits
Passed   Traits.With2Traits
Passed   Traits.With3Traits
Passed   Traits.With4Traits
Passed   Traits.With5Traits
Passed   Traits.With6Traits
Passed   Traits.With7Traits
Passed   Traits.With8Traits
Failed   TypedTests/0.CanDefeatMath<std::vector<int,std::allocator<int> > >
Passed   TypedTests/0.CanIterate<std::vector<int,std::allocator<int> > >
Failed   TypedTests/0.ThreeTraits<std::vector<int,std::allocator<int> > >
Failed   TypedTests/0.TwoTraits<std::vector<int,std::allocator<int> > >
Failed   TypedTests/1.CanDefeatMath<std::array<int,3> >
Passed   TypedTests/1.CanIterate<std::array<int,3> >
Failed   TypedTests/1.ThreeTraits<std::array<int,3> >
Failed   TypedTests/1.TwoTraits<std::array<int,3> >
Passed   TypedTests/2.CanDefeatMath<MyStrangeArray>
Passed   TypedTests/2.CanIterate<MyStrangeArray>
Passed   TypedTests/2.ThreeTraits<MyStrangeArray>
Passed   TypedTests/2.TwoTraits<MyStrangeArray>
Failed   Vec/TypeParameterizedTests/0.CanDefeatMath<std::vector<int,std::allocator<int> > >
Passed   Vec/TypeParameterizedTests/0.CanIterate<std::vector<int,std::allocator<int> > >
Failed   Vec/TypeParameterizedTests/0.ThreeTraits<std::vector<int,std::allocator<int> > >
Failed   Vec/TypeParameterizedTests/0.TwoTraits<std::vector<int,std::allocator<int> > >
Total tests: 81. Passed: 35. Failed: 46. Skipped: 0.
Test execution time: ${RunTime}
Error Message:
   Expected: (this->container[0] + this->container[1]) != (this->container[2]), actual: 3 vs 3
Stack Trace:
at typeparameterizedtests.cpp:54 in ${BaseDir}\sampletests\tests\typeparameterizedtests.cpp:line 54Error Message:
   Expected: (this->container[0] + this->container[1]) != (this->container[2]), actual: 3 vs 3
Stack Trace:
at typeparameterizedtests.cpp:62 in ${BaseDir}\sampletests\tests\typeparameterizedtests.cpp:line 62Error Message:
   Expected: (this->container[0] + this->container[1]) != (this->container[2]), actual: 3 vs 3
Stack Trace:
at typeparameterizedtests.cpp:58 in ${BaseDir}\sampletests\tests\typeparameterizedtests.cpp:line 58Error Message:
   Expected: ("") != (TEST_DIRECTORY.c_str()), actual: "" vs ""
Stack Trace:
at basictests.cpp:24 in ${BaseDir}\sampletests\tests\basictests.cpp:line 24Error Message:
   Value of: GetParam().s
  Actual: "!"
Expected: ""
Stack Trace:
at parameterizedtests.cpp:25 in ${BaseDir}\sampletests\tests\parameterizedtests.cpp:line 25Error Message:
   Value of: GetParam().i
  Actual: -1
Expected: 1
Stack Trace:
at parameterizedtests.cpp:24 in ${BaseDir}\sampletests\tests\parameterizedtests.cpp:line 24Error Message:
   Value of: GetParam().s
  Actual: "!"
Expected: ""
Stack Trace:
at parameterizedtests.cpp:30 in ${BaseDir}\sampletests\tests\parameterizedtests.cpp:line 30Error Message:
   Value of: GetParam().i
  Actual: -1
Expected: 1
Stack Trace:
at parameterizedtests.cpp:29 in ${BaseDir}\sampletests\tests\parameterizedtests.cpp:line 29Error Message:
   Value of: GetParam().s
  Actual: "!"
Expected: ""
Stack Trace:
at parameterizedtests.cpp:35 in ${BaseDir}\sampletests\tests\parameterizedtests.cpp:line 35Error Message:
   Value of: GetParam().i
  Actual: -1
Expected: 1
Stack Trace:
at parameterizedtests.cpp:34 in ${BaseDir}\sampletests\tests\parameterizedtests.cpp:line 34Error Message:
   Value of: GetParam().s
  Actual: "!"
Expected: ""
Stack Trace:
at parameterizedtests.cpp:40 in ${BaseDir}\sampletests\tests\parameterizedtests.cpp:line 40Error Message:
   Value of: GetParam().i
  Actual: -1
Expected: 1
Stack Trace:
at parameterizedtests.cpp:39 in ${BaseDir}\sampletests\tests\parameterizedtests.cpp:line 39Error Message:
   Value of: 2
Expected: 1
Stack Trace:
at longrunningtests.cpp:13 in ${BaseDir}\sampletests\tests\longrunningtests.cpp:line 13Error Message:
   #1 - Value of: 4
Expected: 3
#2 - Value of: 5
Expected: 4
Stack Trace:
at #1 - scopedtracestests.cpp:33 in ${BaseDir}\sampletests\tests\scopedtracestests.cpp:line 33
at #2 - scopedtracestests.cpp:34 in ${BaseDir}\sampletests\tests\scopedtracestests.cpp:line 34Error Message:
   Value of: i
  Actual: 1
Expected: 0
Stack Trace:
at main.cpp:27 in ${BaseDir}\sampletests\tests\main.cpp:line 27Error Message:
   Value of: i
  Actual: 1
Expected: 0
Stack Trace:
at scopedtracestests.cpp:12 in ${BaseDir}\sampletests\tests\scopedtracestests.cpp:line 12Error Message:
   #1 - Value of: 6
Expected: 5
#2 - Value of: i
  Actual: 1
Expected: 0
#3 - Value of: i
  Actual: 1
Expected: 0
Stack Trace:
at #1 - scopedtracestests.cpp:49 in ${BaseDir}\sampletests\tests\scopedtracestests.cpp:line 49
at #2 - scopedtracestests.cpp:12 in ${BaseDir}\sampletests\tests\scopedtracestests.cpp:line 12
at #3 - main.cpp:27 in ${BaseDir}\sampletests\tests\main.cpp:line 27Error Message:
   Value of: i
  Actual: 1
Expected: 0
Stack Trace:
at scopedtracestests.cpp:12 in ${BaseDir}\sampletests\tests\scopedtracestests.cpp:line 12
at -->HelperMethod in ${BaseDir}\sampletests\tests\scopedtracestests.cpp:line 17Error Message:
   Value of: i
  Actual: 1
Expected: 0
Stack Trace:
at main.cpp:27 in ${BaseDir}\sampletests\tests\main.cpp:line 27
at -->Main HelperMethod in ${BaseDir}\sampletests\tests\main.cpp:line 32Error Message:
   Value of: i
  Actual: 1
Expected: 0
Stack Trace:
at scopedtracestests.cpp:12 in ${BaseDir}\sampletests\tests\scopedtracestests.cpp:line 12
at -->TestMethod in ${BaseDir}\sampletests\tests\scopedtracestests.cpp:line 56Error Message:
   Value of: i
  Actual: 1
Expected: 0
Stack Trace:
at scopedtracestests.cpp:12 in ${BaseDir}\sampletests\tests\scopedtracestests.cpp:line 12
at -->HelperMethod in ${BaseDir}\sampletests\tests\scopedtracestests.cpp:line 17
at -->TestMethod in ${BaseDir}\sampletests\tests\scopedtracestests.cpp:line 76Error Message:
   #1 - Value of: i
  Actual: 1
Expected: 0
#2 - Value of: 1
Expected: 0
Stack Trace:
at #1 - scopedtracestests.cpp:12 in ${BaseDir}\sampletests\tests\scopedtracestests.cpp:line 12
at -->HelperMethod in ${BaseDir}\sampletests\tests\scopedtracestests.cpp:line 17
at -->TestMethod in ${BaseDir}\sampletests\tests\scopedtracestests.cpp:line 82
at #2 - scopedtracestests.cpp:84 in ${BaseDir}\sampletests\tests\scopedtracestests.cpp:line 84
at -->TestMethod in ${BaseDir}\sampletests\tests\scopedtracestests.cpp:line 82Error Message:
   #1 - Value of: i
  Actual: 1
Expected: 0
#2 - Value of: 1
Expected: 0
Stack Trace:
at #1 - main.cpp:27 in ${BaseDir}\sampletests\tests\main.cpp:line 27
at -->Main HelperMethod in ${BaseDir}\sampletests\tests\main.cpp:line 32
at -->TestMethod in ${BaseDir}\sampletests\tests\scopedtracestests.cpp:line 100
at #2 - scopedtracestests.cpp:102 in ${BaseDir}\sampletests\tests\scopedtracestests.cpp:line 102
at -->TestMethod in ${BaseDir}\sampletests\tests\scopedtracestests.cpp:line 100Error Message:
   Value of: i
  Actual: 1
Expected: 0
Stack Trace:
at main.cpp:27 in ${BaseDir}\sampletests\tests\main.cpp:line 27
at -->Main HelperMethod in ${BaseDir}\sampletests\tests\main.cpp:line 32
at -->TestMethod in ${BaseDir}\sampletests\tests\scopedtracestests.cpp:line 94Error Message:
   Value of: 2
Expected: 1
Stack Trace:
at scopedtracestests.cpp:23 in ${BaseDir}\sampletests\tests\scopedtracestests.cpp:line 23Error Message:
   Value of: 3
Expected: 2
Stack Trace:
at scopedtracestests.cpp:28 in ${BaseDir}\sampletests\tests\scopedtracestests.cpp:line 28Error Message:
   Value of: i
  Actual: 1
Expected: 0
Stack Trace:
at scopedtracestests.cpp:12 in ${BaseDir}\sampletests\tests\scopedtracestests.cpp:line 12
at -->TestMethod Inner in ${BaseDir}\sampletests\tests\scopedtracestests.cpp:line 64
at -->TestMethod Outer in ${BaseDir}\sampletests\tests\scopedtracestests.cpp:line 62Error Message:
   #1 - Value of: GetParam().i
  Actual: 0
Expected: 1
#2 - Value of: GetParam().s
  Actual: "_"
Expected: ""
Stack Trace:
at #1 - parameterizedtests.cpp:24 in ${BaseDir}\sampletests\tests\parameterizedtests.cpp:line 24
at #2 - parameterizedtests.cpp:25 in ${BaseDir}\sampletests\tests\parameterizedtests.cpp:line 25Error Message:
   #1 - Value of: GetParam().i
  Actual: 0
Expected: 1
#2 - Value of: GetParam().s
  Actual: "_"
Expected: ""
Stack Trace:
at #1 - parameterizedtests.cpp:29 in ${BaseDir}\sampletests\tests\parameterizedtests.cpp:line 29
at #2 - parameterizedtests.cpp:30 in ${BaseDir}\sampletests\tests\parameterizedtests.cpp:line 30Error Message:
   #1 - Value of: GetParam().i
  Actual: 0
Expected: 1
#2 - Value of: GetParam().s
  Actual: "_"
Expected: ""
Stack Trace:
at #1 - parameterizedtests.cpp:34 in ${BaseDir}\sampletests\tests\parameterizedtests.cpp:line 34
at #2 - parameterizedtests.cpp:35 in ${BaseDir}\sampletests\tests\parameterizedtests.cpp:line 35Error Message:
   #1 - Value of: GetParam().i
  Actual: 0
Expected: 1
#2 - Value of: GetParam().s
  Actual: "_"
Expected: ""
Stack Trace:
at #1 - parameterizedtests.cpp:39 in ${BaseDir}\sampletests\tests\parameterizedtests.cpp:line 39
at #2 - parameterizedtests.cpp:40 in ${BaseDir}\sampletests\tests\parameterizedtests.cpp:line 40Error Message:
   Value of: strlen(GetParam().first)
  Actual: 5
Expected: GetParam().second
Which is: 23
Stack Trace:
at parameterizedtests.cpp:64 in ${BaseDir}\sampletests\tests\parameterizedtests.cpp:line 64Error Message:
   Value of: sum
  Actual: '\x82' (-126)
Expected: 130
Stack Trace:
at typeparameterizedtests.cpp:87 in ${BaseDir}\sampletests\tests\typeparameterizedtests.cpp:line 87Error Message:
   Value of: Add(10, 10)
  Actual: 20
Expected: 1000
Stack Trace:
at basictests.cpp:30 in ${BaseDir}\sampletests\tests\basictests.cpp:line 30Error Message:
   unknown file
SEH exception with code 0xc0000005 thrown in the test body.
Error Message:
   Value of: Add(10, 10)
  Actual: 20
Expected: 1000
Stack Trace:
at fixturetests.cpp:12 in ${BaseDir}\sampletests\tests\fixturetests.cpp:line 12Error Message:
   unknown file
SEH exception with code 0xc0000005 thrown in the test body.
Error Message:
   Expected: (this->container[0] + this->container[1]) != (this->container[2]), actual: 3 vs 3
Stack Trace:
at typeparameterizedtests.cpp:29 in ${BaseDir}\sampletests\tests\typeparameterizedtests.cpp:line 29Error Message:
   Expected: (this->container[0] + this->container[1]) != (this->container[2]), actual: 3 vs 3
Stack Trace:
at typeparameterizedtests.cpp:37 in ${BaseDir}\sampletests\tests\typeparameterizedtests.cpp:line 37Error Message:
   Expected: (this->container[0] + this->container[1]) != (this->container[2]), actual: 3 vs 3
Stack Trace:
at typeparameterizedtests.cpp:33 in ${BaseDir}\sampletests\tests\typeparameterizedtests.cpp:line 33Error Message:
   Expected: (this->container[0] + this->container[1]) != (this->container[2]), actual: 3 vs 3
Stack Trace:
at typeparameterizedtests.cpp:29 in ${BaseDir}\sampletests\tests\typeparameterizedtests.cpp:line 29Error Message:
   Expected: (this->container[0] + this->container[1]) != (this->container[2]), actual: 3 vs 3
Stack Trace:
at typeparameterizedtests.cpp:37 in ${BaseDir}\sampletests\tests\typeparameterizedtests.cpp:line 37Error Message:
   Expected: (this->container[0] + this->container[1]) != (this->container[2]), actual: 3 vs 3
Stack Trace:
at typeparameterizedtests.cpp:33 in ${BaseDir}\sampletests\tests\typeparameterizedtests.cpp:line 33Error Message:
   Expected: (this->container[0] + this->container[1]) != (this->container[2]), actual: 3 vs 3
Stack Trace:
at typeparameterizedtests.cpp:54 in ${BaseDir}\sampletests\tests\typeparameterizedtests.cpp:line 54Error Message:
   Expected: (this->container[0] + this->container[1]) != (this->container[2]), actual: 3 vs 3
Stack Trace:
at typeparameterizedtests.cpp:62 in ${BaseDir}\sampletests\tests\typeparameterizedtests.cpp:line 62Error Message:
   Expected: (this->container[0] + this->container[1]) != (this->container[2]), actual: 3 vs 3
Stack Trace:
at typeparameterizedtests.cpp:58 in ${BaseDir}\sampletests\tests\typeparameterizedtests.cpp:line 58Test Run Failed.
Test execution completed, overall duration: ${OverallDuration}
Google Test Adapter Coverage Marker