Microsoft (R) Test Execution Command Line Tool Version ${ToolVersion} Copyright (c) Microsoft Corporation.  All rights reserved.

Starting test execution, please wait...
Information: Found ${NrOfTests} tests in executable ${BaseDir}\SampleTests\${ConfigurationName}\CrashingTests.exe

Information: Running 6 tests...

Information: Test execution completed.

Failed   Crashing.AddFailsAfterCrash

Failed   Crashing.AddFailsBeforeCrash

Passed   Crashing.LongRunning
Failed   Crashing.TheCrash

Skipped  Crashing.AddPassesBeforeCrash

Skipped  Crashing.AddPassesAfterCrash


Total tests: 6. Passed: 1. Failed: 3. Skipped: 2.
Test execution time: ${RunTime}

Error Message:
   Value of: Add(10, 10)
  Actual: 20
Expected: 1000
Stack Trace:
at crashingtests.cpp:27 in ${BaseDir}\sampletests\crashingtests\crashingtests.cpp:line 27Error Message:
   Value of: Add(10, 10)
  Actual: 20
Expected: 1000
Stack Trace:
at crashingtests.cpp:12 in ${BaseDir}\sampletests\crashingtests\crashingtests.cpp:line 12Error Message:
   !! This is probably the test that crashed !!
Error Message:
   reason is probably a crash of test Crashing.TheCrash
Stack Trace:
at crash suspect in ${BaseDir}\sampletests\crashingtests\crashingtests.cpp:line 21Error Message:
   reason is probably a crash of test Crashing.TheCrash
Stack Trace:
at crash suspect in ${BaseDir}\sampletests\crashingtests\crashingtests.cpp:line 21Test Run Failed.

Google Test Adapter Coverage Marker